✔ [1/4] Built Comparator.Util (276ms)
✔ [7/20] Built Comparator.Util:c.o (192ms)
✔ [8/20] Built Lean4Checker.Replay (841ms)
✔ [9/20] Built Export.Parse (1.6s)
✔ [10/20] Built Lean4Checker.Replay:c.o (545ms)
✔ [11/20] Built Comparator.Axioms (507ms)
✔ [12/20] Built Comparator.Axioms:c.o (310ms)
✔ [13/20] Built Comparator.Compare (665ms)
✔ [14/20] Built Comparator (425ms)
✔ [15/20] Built Comparator.Compare:c.o (539ms)
✔ [16/20] Built Comparator:c.o (94ms)
✔ [17/20] Built Export.Parse:c.o (3.5s)
✔ [18/20] Built Main (2.2s)
✔ [19/20] Built Main:c.o (575ms)
✔ [20/20] Built comparator:exe (1.1s)
Building ComparatorChallenges.C_PermanentFormulaLowerBound
⚠ [8655/8655] Replayed ComparatorChallenges.C_PermanentFormulaLowerBound
warning: ComparatorChallenges/C_PermanentFormulaLowerBound.lean:82:8: declaration uses `sorry`
warning: ComparatorChallenges/C_PermanentFormulaLowerBound.lean:90:8: declaration uses `sorry`
Build completed successfully (8655 jobs).
Exporting #[Nat, String, String.mk, Char, Char.ofNat, List, Quot, Quot.mk, Quot.lift, Quot.ind, PermanentFormulaLowerBound.permanent_divisionFree_formula_logarithmic_lower_bound, PermanentFormulaLowerBound.permanent_rational_formula_logarithmic_lower_bound, propext, Quot.sound, Classical.choice, Nat.add, Nat.sub, Nat.mul, Nat.pow, Nat.gcd, Nat.div, Nat.mod, Nat.beq, Nat.ble, Nat.land, Nat.lor, Nat.xor, Nat.shiftLeft, Nat.shiftRight, String.ofList] from ComparatorChallenges.C_PermanentFormulaLowerBound
Building Permanent
Build completed successfully (8656 jobs).
Exporting #[Nat, String, String.mk, Char, Char.ofNat, List, Quot, Quot.mk, Quot.lift, Quot.ind, PermanentFormulaLowerBound.permanent_divisionFree_formula_logarithmic_lower_bound, PermanentFormulaLowerBound.permanent_rational_formula_logarithmic_lower_bound, propext, Quot.sound, Classical.choice, Nat.add, Nat.sub, Nat.mul, Nat.pow, Nat.gcd, Nat.div, Nat.mod, Nat.beq, Nat.ble, Nat.land, Nat.lor, Nat.xor, Nat.shiftLeft, Nat.shiftRight, String.ofList] from Permanent
Running nanoda kernel on solution
Nanoda kernel accepts the solution
Running Lean default kernel on solution.
Lean default kernel accepts the solution
Your solution is okay!
